 
1. Permissions on `/etc/shadow` should allow only `root` read and write access.
 
    - Command to inspect permissions:ls -l /etc/shadow
sysadmin@UbuntuDesktop:/$ ls -l /etc/shadow
-rw-r----- 1 root shadow 2995 Aug 21 13:11 /etc/shadow
sysadmin@UbuntuDesktop:/$ 
 
 
 
    - Command to set permissions (if needed):Access is set to read and write
 
2. Permissions on `/etc/gshadow` should allow only `root` read and write access.
 
    - Command to inspect permissions:ls -l /etc/gshadow
sysadmin@UbuntuDesktop:/$ ls -l /etc/gshadow
-rw-r----- 1 root shadow 1124 Aug 21 13:11 /etc/gshadow
sysadmin@UbuntuDesktop:/$ 
 
 
 
    - Command to set permissions (if needed):permission are set to read and write
 
3. Permissions on `/etc/group` should allow `root` read and write access, and allow everyone else read access only.
 
    - Command to inspect permissions:ls -l /etc/group
 
sysadmin@UbuntuDesktop:/$ ls -l /etc/group
-rw-r--r-- 1 root root 1360 Aug 21 13:11 /etc/group
sysadmin@UbuntuDesktop:/$
 
    - Command to set permissions (if needed):Access is set to rw for root and read only for everyone else
 
4. Permissions on `/etc/passwd` should allow `root` read and write access, and allow everyone else read access only.
 
    - Command to inspect permissions:ls -l /etc/passwd
sysadmin@UbuntuDesktop:/$ ls -l /etc/passwd
-rw-r--r-- 1 root root 3212 Aug 21 13:11 /etc/passwd
sysadmin@UbuntuDesktop:/$
 
 
    - Command to set permissions (if needed):Not required as permission are correct.
 
### Step 2: Create User Accounts
 
1. Add user accounts for `sam`, `joe`, `amy`, `sara`, and `admin`.
 
    - Command to add each user account (include all five users):
sudo adduser sam.
sudo adduser joe.
sudo adduser amy.
sudo adduser sara.
sudo adduser admin.
 
 
2. Ensure that only the `admin` has general sudo access.
 
    - Command to add `admin` to the `sudo` group:
Sudo usermod -aG sudo admin.
Id admin (to check if admin was given sudo access).
 
### Step 3: Create User Group and Collaborative Folder
 
1. Add an `engineers` group to the system.
 
    - Command to add group:
Sudo addgroup engineers.
 
2. Add users `sam`, `joe`, `amy`, and `sara` to the managed group.
 
    - Command to add users to `engineers` group (include all four users):
Sudo usermod -a -G engineers sam.
Sudo usermod -a -G engineers joe.
Sudo usermod -a -G engineers amy.
Sudo usermod -a -G engineers sara.
 
3. Create a shared folder for this group at `/home/engineers`.
 
    - Command to create the shared folder:
Sudo mkdir -p /home/engineers.
 
4. Change ownership on the new engineers' shared folder to the `engineers` group.
 
    - Command to change ownership of engineer's shared folder to engineer group:
Sudo chgrp -R engineers /home/engineers
 
### Step 4: Lynis Auditing
 
1. Command to install Lynis: sudo apt install lynis
 
2. Command to see documentation and instructions:sudo lynis show commands.
sysadmin@UbuntuDesktop:/engineers$ sudo lynis show commands
 
Commands:
lynis audit
lynis configure
lynis show
lynis update
lynis upload-only
 
 
 
3. Command to run an audit:sudo lynis audit system
 
4. Provide a report from the Lynis output on what can be done to harden the system.
 
    - Screenshot of report output:
 -[ Lynis 2.6.2 Results ]-
 
  Warnings (6):
  ----------------------------
  ! Version of Lynis is very old and should be updated [LYNIS] 
      https://cisofy.com/controls/LYNIS/
 
  ! Multiple users with UID 0 found in passwd file [AUTH-9204] 
      https://cisofy.com/controls/AUTH-9204/
 
  ! Multiple accounts found with same UID [AUTH-9208] 
      https://cisofy.com/controls/AUTH-9208/
 
  ! No password set for single mode [AUTH-9308] 
      https://cisofy.com/controls/AUTH-9308/
 
  ! Found one or more vulnerable packages. [PKGS-7392] 
      https://cisofy.com/controls/PKGS-7392/
 
  ! Found some information disclosure in SMTP banner (OS or software name) [MAIL-8818] 
      https://cisofy.com/controls/MAIL-8818/
 
  Suggestions (53):
  ----------------------------
  * Install libpam-tmpdir to set $TMP and $TMPDIR for PAM sessions [CUST-0280] 
      https://your-domain.example.org/controls/CUST-0280/
 
  * Install libpam-usb to enable multi-factor authentication for PAM sessions [CUST-0285] 
      https://your-domain.example.org/controls/CUST-0285/
 
  * Install apt-listbugs to display a list of critical bugs prior to each APT installation. [CUST-0810] 
      https://your-domain.example.org/controls/CUST-0810/
 
  * Install apt-listchanges to display any significant changes prior to any upgrade via APT. [CUST-0811] 
      https://your-domain.example.org/controls/CUST-0811/
 
  * Install debian-goodies so that you can run checkrestart after upgrades to determine which services are using old versions of libraries and need restarting. [CUST-0830] 
      https://your-domain.example.org/controls/CUST-0830/
 
  * Install needrestart, alternatively to debian-goodies, so that you can run needrestart after upgrades to determine which daemons are using old versions of libraries and need restarting. [CUST-0831] 
      https://your-domain.example.org/controls/CUST-0831/
 
  * Install debsecan to generate lists of vulnerabilities which affect this installation. [CUST-0870] 
      https://your-domain.example.org/controls/CUST-0870/
 
  * Install debsums for the verification of installed package files against MD5 checksums. [CUST-0875] 
      https://your-domain.example.org/controls/CUST-0875/
 
  * Install fail2ban to automatically ban hosts that commit multiple authentication errors. [DEB-0880] 
      https://cisofy.com/controls/DEB-0880/
 
  * Set a password on GRUB bootloader to prevent altering boot configuration (e.g. boot in single user mode without password) [BOOT-5122] 
      https://cisofy.com/controls/BOOT-5122/
 
  * Run pwck manually and correct any errors in the password file [AUTH-9228] 
      https://cisofy.com/controls/AUTH-9228/
 
  * Install a PAM module for password strength testing like pam_cracklib or pam_passwdqc [AUTH-9262] 
      https://cisofy.com/controls/AUTH-9262/
 
  * Configure minimum password age in /etc/login.defs [AUTH-9286] 
      https://cisofy.com/controls/AUTH-9286/
 
  * Configure maximum password age in /etc/login.defs [AUTH-9286] 
      https://cisofy.com/controls/AUTH-9286/
 
  * Set password for single user mode to minimize physical access attack surface [AUTH-9308] 
      https://cisofy.com/controls/AUTH-9308/
 
  * Default umask in /etc/login.defs could be more strict like 027 [AUTH-9328] 
      https://cisofy.com/controls/AUTH-9328/
 
  * To decrease the impact of a full /home file system, place /home on a separated partition [FILE-6310] 
      https://cisofy.com/controls/FILE-6310/
 
  * To decrease the impact of a full /tmp file system, place /tmp on a separated partition [FILE-6310] 
      https://cisofy.com/controls/FILE-6310/
 
  * To decrease the impact of a full /var file system, place /var on a separated partition [FILE-6310] 
      https://cisofy.com/controls/FILE-6310/
 
  * Disable drivers like USB storage when not used, to prevent unauthorized storage or data theft [STRG-1840] 
      https://cisofy.com/controls/STRG-1840/
 
  * Check DNS configuration for the dns domain name [NAME-4028] 
      https://cisofy.com/controls/NAME-4028/
 
  * Purge old/removed packages (2 found) with aptitude purge or dpkg --purge command. This will cleanup old configuration files, cron jobs and startup scripts. [PKGS-7346] 
      https://cisofy.com/controls/PKGS-7346/
 
  * Install debsums utility for the verification of packages with known good database. [PKGS-7370] 
      https://cisofy.com/controls/PKGS-7370/
 
  * Update your system with apt-get update, apt-get upgrade, apt-get dist-upgrade and/or unattended-upgrades [PKGS-7392] 
      https://cisofy.com/controls/PKGS-7392/
 
  * Install package apt-show-versions for patch management purposes [PKGS-7394] 
      https://cisofy.com/controls/PKGS-7394/
 
  * Consider running ARP monitoring software (arpwatch,arpon) [NETW-3032] 
      https://cisofy.com/controls/NETW-3032/
 
  * Access to CUPS configuration could be more strict. [PRNT-2307] 
      https://cisofy.com/controls/PRNT-2307/
 
  * You are advised to hide the mail_name (option: smtpd_banner) from your postfix configuration. Use postconf -e or change your main.cf file (/etc/postfix/main.cf) [MAIL-8818] 
      https://cisofy.com/controls/MAIL-8818/
 
  * Disable the 'VRFY' command [MAIL-8820:disable_vrfy_command] 
    - Details  : disable_vrfy_command=no
    - Solution : run postconf -e disable_vrfy_command=yes to change the value
      https://cisofy.com/controls/MAIL-8820/
 
  * Check iptables rules to see which rules are currently not used [FIRE-4513] 
      https://cisofy.com/controls/FIRE-4513/
 
  * Install Apache mod_evasive to guard webserver against DoS/brute force attempts [HTTP-6640] 
      https://cisofy.com/controls/HTTP-6640/
 
  * Install Apache modsecurity to guard webserver against web application attacks [HTTP-6643] 
      https://cisofy.com/controls/HTTP-6643/
 
  * Add HTTPS to nginx virtual hosts for enhanced protection of sensitive data and privacy [HTTP-6710] 
      https://cisofy.com/controls/HTTP-6710/
 
  * Consider hardening SSH configuration [SSH-7408] 
    - Details  : AllowTcpForwarding (YES --> NO)
      https://cisofy.com/controls/SSH-7408/
 
  * Consider hardening SSH configuration [SSH-7408] 
    - Details  : ClientAliveCountMax (3 --> 2)
      https://cisofy.com/controls/SSH-7408/
 
  * Consider hardening SSH configuration [SSH-7408] 
    - Details  : Compression (YES --> (DELAYED|NO))
      https://cisofy.com/controls/SSH-7408/
 
  * Consider hardening SSH configuration [SSH-7408] 
    - Details  : LogLevel (INFO --> VERBOSE)
      https://cisofy.com/controls/SSH-7408/
 
  * Consider hardening SSH configuration [SSH-7408] 
    - Details  : MaxAuthTries (6 --> 2)
      https://cisofy.com/controls/SSH-7408/
 
  * Consider hardening SSH configuration [SSH-7408] 
    - Details  : MaxSessions (10 --> 2)
      https://cisofy.com/controls/SSH-7408/
 
  * Consider hardening SSH configuration [SSH-7408] 
    - Details  : PermitRootLogin (WITHOUT-PASSWORD --> NO)
      https://cisofy.com/controls/SSH-7408/
 
  * Consider hardening SSH configuration [SSH-7408] 
    - Details  : Port (22 --> )
      https://cisofy.com/controls/SSH-7408/
 
  * Consider hardening SSH configuration [SSH-7408] 
    - Details  : TCPKeepAlive (YES --> NO)
      https://cisofy.com/controls/SSH-7408/
 
  * Consider hardening SSH configuration [SSH-7408] 
    - Details  : X11Forwarding (YES --> NO)
      https://cisofy.com/controls/SSH-7408/
 
  * Consider hardening SSH configuration [SSH-7408] 
    - Details  : AllowAgentForwarding (YES --> NO)
      https://cisofy.com/controls/SSH-7408/
 
  * Check what deleted files are still in use and why. [LOGG-2190] 
      https://cisofy.com/controls/LOGG-2190/
 
  * Add a legal banner to /etc/issue, to warn unauthorized users [BANN-7126] 
      https://cisofy.com/controls/BANN-7126/
 
  * Add legal banner to /etc/issue.net, to warn unauthorized users [BANN-7130] 
      https://cisofy.com/controls/BANN-7130/
 
  * Enable process accounting [ACCT-9622] 
      https://cisofy.com/controls/ACCT-9622/
 
  * Enable sysstat to collect accounting (no results) [ACCT-9626] 
      https://cisofy.com/controls/ACCT-9626/
 
  * Enable auditd to collect audit information [ACCT-9628] 
      https://cisofy.com/controls/ACCT-9628/
 
  * Run 'docker info' to see warnings applicable to Docker daemon [CONT-8104] 
      https://cisofy.com/controls/CONT-8104/
 
  * One or more sysctl values differ from the scan profile and could be tweaked [KRNL-6000] 
    - Solution : Change sysctl value or disable test (skip-test=KRNL-6000:<sysctl-key>)
      https://cisofy.com/controls/KRNL-6000/
 
  * Harden compilers like restricting access to root user only [HRDN-7222] 
      https://cisofy.com/controls/HRDN-7222/
 
 Lynis security scan details:
 
  Hardening index : 56 [###########         ]
  Tests performed : 240
  Plugins enabled : 1
 
  Components:
  - Firewall               [V]
  - Malware scanner        [V]
 
  Lynis Modules:
  - Compliance Status      [?]
  - Security Audit         [V]
  - Vulnerability Scan     [V]
 
  Files:
  - Test and debug information      : /var/log/lynis.log
  - Report data                     : /var/log/lynis-report.dat
 
================================================================================
  Notice: Lynis update available
  Current version : 262    Latest version : 306
================================================================================
 
  Lynis 2.6.2
 
  Auditing, system hardening, and compliance for UNIX-based systems
  (Linux, macOS, BSD, and others)
 
  2007-2018, CISOfy - https://cisofy.com/lynis/
  Enterprise support available (compliance, plugins, interface and tools)
 
 
 
 
### Bonus
1. Command to install chkrootkit:
Apt list --installed | grep chkrootkit
sysadmin@UbuntuDesktop:/engineers$ apt list --installed | grep chkrootkit
 
WARNING: apt does not have a stable CLI interface. Use with caution in scripts.
 
chkrootkit/bionic-updates,now 0.52-1ubuntu0.1 amd64 [installed]
 
 
 
2. Command to see documentation and instructions:
Sudo chkrootkit -h
sysadmin@UbuntuDesktop:/engineers$ sudo chkrootkit -h
[sudo] password for sysadmin: 
Usage: /usr/sbin/chkrootkit [options] [test ...]
Options:
        -h                show this help and exit
        -V                show version information and exit
        -l                show available tests and exit
        -d                debug
        -q                quiet mode
        -x                expert mode
        -e                exclude known false positive files/dirs, quoted,
                          space separated, READ WARNING IN README
        -r dir            use dir as the root directory
        -p dir1:dir2:dirN path for the external commands used by chkrootkit
        -n                skip NFS mounted dirs
 
 
 
3. Command to run expert mode:
Sudo chkrootkit -x > /home/sysadmin/report-chkrootkit.txt
